w: file:///C:/Users/Administrator/0027-mov/app/src/main/kotlin/com/hermes/dsh/session/persistence/Coordinator.kt:637:9 This is a delicate API and its use requires care. Make sure you fully read and understand documentation of the declaration that is marked as a delicate API.
w: file:///C:/Users/Administrator/0027-mov/app/src/main/kotlin/com/hermes/dsh/session/persistence/Coordinator.kt:690:13 This is a delicate API and its use requires care. Make sure you fully read and understand documentation of the declaration that is marked as a delicate API.
w: file:///C:/Users/Administrator/0027-mov/app/src/main/kotlin/com/hermes/dsh/session/persistence/Coordinator.kt:734:13 This is a delicate API and its use requires care. Make sure you fully read and understand documentation of the declaration that is marked as a delicate API.
w: file:///C:/Users/Administrator/0027-mov/app/src/main/kotlin/com/hermes/dsh/session/persistence/WriteBehind.kt:76:28 This is a delicate API and its use requires care. Make sure you fully read and understand documentation of the declaration that is marked as a delicate API.
w: file:///C:/Users/Administrator/0027-mov/app/src/main/kotlin/com/hermes/dsh/session/persistence/WriteBehind.kt:90:39 This is a delicate API and its use requires care. Make sure you fully read and understand documentation of the declaration that is marked as a delicate API.
w: file:///C:/Users/Administrator/0027-mov/app/src/main/kotlin/com/hermes/dsh/session/persistence/WriteBehind.kt:116:28 This is a delicate API and its use requires care. Make sure you fully read and understand documentation of the declaration that is marked as a delicate API.
w: file:///C:/Users/Administrator/0027-mov/app/src/main/kotlin/com/hermes/dsh/session/persistence/WriteBehind.kt:185:38 This is a delicate API and its use requires care. Make sure you fully read and understand documentation of the declaration that is marked as a delicate API.

> Task :app:compileReleaseJavaWithJavac NO-SOURCE
> Task :app:generateReleaseLintVitalReportModel
> Task :app:dexBuilderRelease
> Task :app:mergeReleaseGlobalSynthetics UP-TO-DATE
> Task :app:processReleaseJavaRes
> Task :app:mergeReleaseJavaResource
> Task :app:mergeDexRelease
> Task :app:compileReleaseArtProfile
> Task :app:packageRelease
> Task :app:createReleaseApkListingFileRedirect UP-TO-DATE
> Task :app:lintVitalAnalyzeRelease
> Task :app:lintVitalReportRelease
> Task :app:lintVitalRelease
> Task :app:assembleRelease

BUILD SUCCESSFUL in 1m 38s
52 actionable tasks: 29 executed, 23 up-to-date
