
> Configure project :app
WARNING: The option setting 'android.overridePathCheck=true' is experimental.
The current default is 'false'.
WARNING: We recommend using a newer Android Gradle plugin to use compileSdk = 36

This Android Gradle plugin (8.8.2) was tested up to compileSdk = 35.

You are strongly encouraged to update your project to use a newer
Android Gradle plugin that has been tested with compileSdk = 36.

If you are already using the latest version of the Android Gradle plugin,
you may need to wait until a newer version with support for compileSdk = 36 is available.

For more information refer to the compatibility table:
https://d.android.com/r/tools/api-level-support

To suppress this warning, add/update
    android.suppressUnsupportedCompileSdk=36
to this project's gradle.properties.

> Task :app:buildKotlinToolingMetadata UP-TO-DATE
> Task :app:checkKotlinGradlePluginConfigurationErrors SKIPPED
> Task :app:preBuild UP-TO-DATE
> Task :app:preReleaseBuild UP-TO-DATE
> Task :app:checkReleaseAarMetadata UP-TO-DATE
> Task :app:generateReleaseResValues UP-TO-DATE
> Task :app:mapReleaseSourceSetPaths UP-TO-DATE
> Task :app:generateReleaseResources UP-TO-DATE
> Task :app:mergeReleaseResources UP-TO-DATE
> Task :app:packageReleaseResources UP-TO-DATE
> Task :app:parseReleaseLocalResources UP-TO-DATE
> Task :app:createReleaseCompatibleScreenManifests UP-TO-DATE
> Task :app:extractDeepLinksRelease UP-TO-DATE

> Task :app:processReleaseMainManifest
C:\Users\Administrator\0027-mov\app\src\main\AndroidManifest.xml:14:5-73 Warning:
	Element uses-permission#android.permission.WRITE_CALENDAR at AndroidManifest.xml:14:5-73 duplicated with element declared at AndroidManifest.xml:11:5-73

> Task :app:processReleaseManifest
> Task :app:javaPreCompileRelease UP-TO-DATE
> Task :app:extractProguardFiles UP-TO-DATE
> Task :app:configureCMakeRelWithDebInfo[arm64-v8a]
> Task :app:buildCMakeRelWithDebInfo[arm64-v8a]
> Task :app:mergeReleaseJniLibFolders UP-TO-DATE
> Task :app:processReleaseManifestForPackage
> Task :app:desugarReleaseFileDependencies UP-TO-DATE
> Task :app:mergeReleaseStartupProfile UP-TO-DATE
> Task :app:mergeReleaseArtProfile UP-TO-DATE
> Task :app:mergeReleaseShaders UP-TO-DATE
> Task :app:compileReleaseShaders NO-SOURCE
> Task :app:generateReleaseAssets UP-TO-DATE
> Task :app:checkReleaseDuplicateClasses
> Task :app:mergeReleaseNativeLibs
> Task :app:mergeReleaseAssets
> Task :app:stripReleaseDebugSymbols
> Task :app:processReleaseResources
> Task :app:extractReleaseVersionControlInfo
> Task :app:compressReleaseAssets
> Task :app:collectReleaseDependencies
> Task :app:sdkReleaseDependencyData
> Task :app:validateSigningRelease UP-TO-DATE
> Task :app:writeReleaseAppMetadata UP-TO-DATE
> Task :app:writeReleaseSigningConfigVersions UP-TO-DATE
> Task :app:extractReleaseNativeSymbolTables
> Task :app:mergeReleaseNativeDebugMetadata UP-TO-DATE
> Task :app:optimizeReleaseResources
> Task :app:mergeExtDexRelease

> Task :app:compileReleaseKotlin
w: file:///C:/Users/Administrator/0027-mov/app/src/main/java/com/mov/android/MainActivity.kt:1111:73 Unchecked cast of 'kotlin.Any?' to 'kotlin.collections.List<kotlin.String>'.
w: file:///C:/Users/Administrator/0027-mov/app/src/main/java/com/mov/android/MainActivity.kt:1622:36 This is a delicate API and its use requires care. Make sure you fully read and understand documentation of the declaration that is marked as a delicate API.
w: file:///C:/Users/Administrator/0027-mov/app/src/main/java/com/mov/android/MainActivity.kt:4006:21 Check for instance is always 'true'.
w: file:///C:/Users/Administrator/0027-mov/app/src/main/java/com/mov/android/MainActivity.kt:4604:32 This is a delicate API and its use requires care. Make sure you fully read and understand documentation of the declaration that is marked as a delicate API.
w: file:///C:/Users/Administrator/0027-mov/app/src/main/java/com/mov/android/MainActivity.kt:4663:28 This is a delicate API and its use requires care. Make sure you fully read and understand documentation of the declaration that is marked as a delicate API.
w: file:///C:/Users/Administrator/0027-mov/app/src/main/java/com/mov/android/MainActivity.kt:6223:32 This is a delicate API and its use requires care. Make sure you fully read and understand documentation of the declaration that is marked as a delicate API.
w: file:///C:/Users/Administrator/0027-mov/app/src/main/java/com/mov/android/ScreenCaptureService.kt:34:56 'fun <T : Parcelable!> getParcelable(p0: String?): T?' is deprecated. Deprecated in Java.
w: file:///C:/Users/Administrator/0027-mov/app/src/main/kotlin/com/hermes/dsh/agentloop/AgentLoop.kt:226:21 Condition is always 'true'.
w: file:///C:/Users/Administrator/0027-mov/app/src/main/kotlin/com/hermes/dsh/agentloop/ToolCalls.kt:188:94 Unchecked cast of 'kotlin.Any?' to 'kotlin.collections.Map<kotlin.String, kotlin.Any?>'.
w: file:///C:/Users/Administrator/0027-mov/app/src/main/kotlin/com/hermes/dsh/session/persistence/jsonl/EventCodec.kt:57:78 Unchecked cast of 'kotlin.Any?' to 'kotlin.collections.Map<kotlin.String, kotlin.Any?>'.
w: file:///C:/Users/Administrator/0027-mov/app/src/main/kotlin/com/hermes/dsh/session/persistence/jsonl/EventCodec.kt:65:94 Unchecked cast of 'kotlin.Any?' to 'kotlin.collections.Map<kotlin.String, kotlin.Any?>'.
w: file:///C:/Users/Administrator/0027-mov/app/src/main/kotlin/com/hermes/dsh/session/persistence/jsonl/EventCodec.kt:584:30 Unchecked cast of 'kotlin.Any?' to 'kotlin.collections.List<kotlin.String>'.
w: file:///C:/Users/Administrator/0027-mov/app/src/main/kotlin/com/hermes/dsh/session/persistence/sqlite/SqliteStore.kt:317:32 Unchecked cast of 'kotlin.Any?' to 'kotlin.collections.Map<kotlin.String, kotlin.Any?>'.
w: file:///C:/Users/Administrator/0027-mov/app/src/main/kotlin/com/hermes/dsh/tools/McpToolScheduler.kt:292:36 Unchecked cast of 'kotlin.Any?' to 'kotlin.collections.Map<kotlin.String, kotlin.Any?>'.
w: file:///C:/Users/Administrator/0027-mov/app/src/main/kotlin/com/hermes/mov/memory/MemoryLifecycle.kt:88:13 Condition is always 'false'.
w: file:///C:/Users/Administrator/0027-mov/app/src/main/kotlin/com/hermes/mov/memory/MemoryLifecycle.kt:103:13 Condition is always 'false'.
w: file:///C:/Users/Administrator/0027-mov/app/src/main/kotlin/com/hermes/mov/tools/SceneTools.kt:316:65 Unchecked cast of 'kotlin.Any?' to 'kotlin.collections.Map<kotlin.String, kotlin.Any?>'.
w: file:///C:/Users/Administrator/0027-mov/app/src/main/kotlin/com/hermes/mov/tools/SceneTools.kt:320:36 Unchecked cast of 'kotlin.Any?' to 'kotlin.collections.Map<kotlin.String, kotlin.Any?>'.
w: file:///C:/Users/Administrator/0027-mov/app/src/main/kotlin/com/hermes/dsh/session/persistence/Coordinator.kt:523:13 This is a delicate API and its use requires care. Make sure you fully read and understand documentation of the declaration that is marked as a delicate API.
w: file:///C:/Users/Administrator/0027-mov/app/src/main/kotlin/com/hermes/dsh/session/persistence/Coordinator.kt:589:17 This is a delicate API and its use requires care. Make sure you fully read and understand documentation of the declaration that is marked as a delicate API.
w: file:///C:/Users/Administrator/0027-mov/app/src/main/kotlin/com/hermes/dsh/session/persistence/Coordinator.kt:605:17 This is a delicate API and its use requires care. Make sure you fully read and understand documentation of the declaration that is marked as a delicate API.
w: file:///C:/Users/Administrator/0027-mov/app/src/main/kotlin/com/hermes/dsh/session/persistence/Coordinator.kt:629:9 This is a delicate API and its use requires care. Make sure you fully read and understand documentation of the declaration that is marked as a delicate API.
w: file:///C:/Users/Administrator/0027-mov/app/src/main/kotlin/com/hermes/dsh/session/persistence/Coordinator.kt:637:9 This is a delicate API and its use requires care. Make sure you fully read and understand documentation of the declaration that is marked as a delicate API.
w: file:///C:/Users/Administrator/0027-mov/app/src/main/kotlin/com/hermes/dsh/session/persistence/Coordinator.kt:690:13 This is a delicate API and its use requires care. Make sure you fully read and understand documentation of the declaration that is marked as a delicate API.
w: file:///C:/Users/Administrator/0027-mov/app/src/main/kotlin/com/hermes/dsh/session/persistence/Coordinator.kt:734:13 This is a delicate API and its use requires care. Make sure you fully read and understand documentation of the declaration that is marked as a delicate API.
w: file:///C:/Users/Administrator/0027-mov/app/src/main/kotlin/com/hermes/dsh/session/persistence/WriteBehind.kt:76:28 This is a delicate API and its use requires care. Make sure you fully read and understand documentation of the declaration that is marked as a delicate API.
w: file:///C:/Users/Administrator/0027-mov/app/src/main/kotlin/com/hermes/dsh/session/persistence/WriteBehind.kt:90:39 This is a delicate API and its use requires care. Make sure you fully read and understand documentation of the declaration that is marked as a delicate API.
w: file:///C:/Users/Administrator/0027-mov/app/src/main/kotlin/com/hermes/dsh/session/persistence/WriteBehind.kt:116:28 This is a delicate API and its use requires care. Make sure you fully read and understand documentation of the declaration that is marked as a delicate API.
w: file:///C:/Users/Administrator/0027-mov/app/src/main/kotlin/com/hermes/dsh/session/persistence/WriteBehind.kt:185:38 This is a delicate API and its use requires care. Make sure you fully read and understand documentation of the declaration that is marked as a delicate API.

> Task :app:compileReleaseJavaWithJavac NO-SOURCE
> Task :app:generateReleaseLintVitalReportModel
> Task :app:dexBuilderRelease
> Task :app:mergeReleaseGlobalSynthetics UP-TO-DATE
> Task :app:processReleaseJavaRes
> Task :app:mergeReleaseJavaResource
> Task :app:mergeDexRelease
> Task :app:compileReleaseArtProfile
> Task :app:packageRelease
> Task :app:createReleaseApkListingFileRedirect UP-TO-DATE
> Task :app:lintVitalAnalyzeRelease
> Task :app:lintVitalReportRelease
> Task :app:lintVitalRelease
> Task :app:assembleRelease

BUILD SUCCESSFUL in 1m 38s
52 actionable tasks: 29 executed, 23 up-to-date
