# UPG-92 狗粮：新闸产本单 manifest + 报告骨架 ｜ 2026-09-04 00:00:01
═══ SYS-02 V2 deliver-gen ═══
ticket=UPG-92  branch=feat/upg92  hash=39039ef
manifest: MANIFEST_OK（自检 ok:True 重算一致） sha=802d72e65412… → C:\Users\Administrator\Desktop\mov-upg92\工单系统\处理中心\delivery_UPG92_manifest.json
verify-hash: HASH_REJECT <not-ancestor>
tests: total=0 failures=0 errors=0
--------------------------------------------------
# 交付报告 · UPG-92

> 类型：（待填） ｜ 日期：2026-09-04 ｜ 依据：（派单路径）
> 治理归属：（只动 `Desktop\MOV\工单系统` / 0027-mov 只读） ｜ 状态：✅ 已完成（交付，待验收）

---

## 一、本阶段交付（N 件）

| # | 交付 | 实现 |
|---|---|---|
| 1 | （交付件） | （实现位置） |

## 二、验收判据核对（逐条证据）

| 项 | 标准 | 实测证据 |
|---|---|---|
| M-1 | （标准） | ⏳ 待填 |
| M-2 | （标准） | ⏳ 待填 |
| M-3 | （标准） | ⏳ 待填 |
| M-5 | （标准） | ⏳ 待填 |
| M-6 | （标准） | ⏳ 待填 |

#